#-----------------------------------------------------------
# Vivado v2016.4 (64-bit)
# SW Build 1756540 on Mon Jan 23 19:11:19 MST 2017
# IP Build 1755317 on Mon Jan 23 20:30:07 MST 2017
# Start of session at: Fri Nov 30 13:03:38 2018
# Process ID: 30021
# Current directory: /home/gderiu/marco/neuraghe_zc706_8_16_runtime_dma2d_lenhack/fpga/ips/xilinx_tcdm_bank_32x16_16_asym/xilinx_tcdm_bank_32x64_16_asym.runs/xilinx_tcdm_bank_32x64_16_asym_synth_1
# Command line: vivado -log xilinx_tcdm_bank_32x64_16_asym.vds -product Vivado -mode batch -messageDb vivado.pb -notrace -source xilinx_tcdm_bank_32x64_16_asym.tcl
# Log file: /home/gderiu/marco/neuraghe_zc706_8_16_runtime_dma2d_lenhack/fpga/ips/xilinx_tcdm_bank_32x16_16_asym/xilinx_tcdm_bank_32x64_16_asym.runs/xilinx_tcdm_bank_32x64_16_asym_synth_1/xilinx_tcdm_bank_32x64_16_asym.vds
# Journal file: /home/gderiu/marco/neuraghe_zc706_8_16_runtime_dma2d_lenhack/fpga/ips/xilinx_tcdm_bank_32x16_16_asym/xilinx_tcdm_bank_32x64_16_asym.runs/xilinx_tcdm_bank_32x64_16_asym_synth_1/vivado.jou
#-----------------------------------------------------------
source xilinx_tcdm_bank_32x64_16_asym.tcl -notrace
