#-----------------------------------------------------------
# Vivado v2016.4 (64-bit)
# SW Build 1756540 on Mon Jan 23 19:11:19 MST 2017
# IP Build 1755317 on Mon Jan 23 20:30:07 MST 2017
# Start of session at: Wed Feb 13 10:46:09 2019
# Process ID: 15997
# Current directory: /home/gderiu/marco/neuraghe_zed_tcn/fpga/ips/xilinx_tcdm_bank_1024x16_16_Sdp/xilinx_tcdm_bank_1024x16_16_Sdp.runs/xilinx_tcdm_bank_1024x16_16_Sdp_synth_1
# Command line: vivado -log xilinx_tcdm_bank_1024x16_16_Sdp.vds -product Vivado -mode batch -messageDb vivado.pb -notrace -source xilinx_tcdm_bank_1024x16_16_Sdp.tcl
# Log file: /home/gderiu/marco/neuraghe_zed_tcn/fpga/ips/xilinx_tcdm_bank_1024x16_16_Sdp/xilinx_tcdm_bank_1024x16_16_Sdp.runs/xilinx_tcdm_bank_1024x16_16_Sdp_synth_1/xilinx_tcdm_bank_1024x16_16_Sdp.vds
# Journal file: /home/gderiu/marco/neuraghe_zed_tcn/fpga/ips/xilinx_tcdm_bank_1024x16_16_Sdp/xilinx_tcdm_bank_1024x16_16_Sdp.runs/xilinx_tcdm_bank_1024x16_16_Sdp_synth_1/vivado.jou
#-----------------------------------------------------------
source xilinx_tcdm_bank_1024x16_16_Sdp.tcl -notrace
