Copyright 1986-2017 Xilinx, Inc. All Rights Reserved.
-------------------------------------------------------------------------------------------------------------------------------------------
| Tool Version : Vivado v.2017.1 (lin64) Build 1846317 Fri Apr 14 18:54:47 MDT 2017
| Date         : Mon Jul  8 16:18:20 2019
| Host         : eolab running 64-bit SUSE Linux Enterprise Server 12
| Command      : report_utilization -file base_zynq_design_wrapper_utilization_synth.rpt -pb base_zynq_design_wrapper_utilization_synth.pb
| Design       : base_zynq_design_wrapper
| Device       : 7z045ffg900-2
| Design State : Synthesized
-------------------------------------------------------------------------------------------------------------------------------------------

Utilization Design Information

Table of Contents
-----------------
1. Slice Logic
1.1 Summary of Registers by Type
2. Memory
3. DSP
4. IO and GT Specific
5. Clocking
6. Specific Feature
7. Primitives
8. Black Boxes
9. Instantiated Netlists

1. Slice Logic
--------------

+----------------------------+--------+-------+-----------+-------+
|          Site Type         |  Used  | Fixed | Available | Util% |
+----------------------------+--------+-------+-----------+-------+
| Slice LUTs*                | 127092 |     0 |    218600 | 58.14 |
|   LUT as Logic             | 115828 |     0 |    218600 | 52.99 |
|   LUT as Memory            |  11264 |     0 |     70400 | 16.00 |
|     LUT as Distributed RAM |    296 |     0 |           |       |
|     LUT as Shift Register  |  10968 |     0 |           |       |
| Slice Registers            |  78255 |     0 |    437200 | 17.90 |
|   Register as Flip Flop    |  78255 |     0 |    437200 | 17.90 |
|   Register as Latch        |      0 |     0 |    437200 |  0.00 |
| F7 Muxes                   |   6834 |     0 |    109300 |  6.25 |
| F8 Muxes                   |   2360 |     0 |     54650 |  4.32 |
+----------------------------+--------+-------+-----------+-------+
* Warning! The Final LUT count, after physical optimizations and full implementation, is typically lower. Run opt_design after synthesis, if not already completed, for a more realistic count.


1.1 Summary of Registers by Type
--------------------------------

+-------+--------------+-------------+--------------+
| Total | Clock Enable | Synchronous | Asynchronous |
+-------+--------------+-------------+--------------+
| 0     |            _ |           - |            - |
| 0     |            _ |           - |          Set |
| 0     |            _ |           - |        Reset |
| 0     |            _ |         Set |            - |
| 0     |            _ |       Reset |            - |
| 0     |          Yes |           - |            - |
| 870   |          Yes |           - |          Set |
| 47660 |          Yes |           - |        Reset |
| 64    |          Yes |         Set |            - |
| 29661 |          Yes |       Reset |            - |
+-------+--------------+-------------+--------------+


2. Memory
---------

+-------------------+------+-------+-----------+-------+
|     Site Type     | Used | Fixed | Available | Util% |
+-------------------+------+-------+-----------+-------+
| Block RAM Tile    |  528 |     0 |       545 | 96.88 |
|   RAMB36/FIFO*    |  528 |     0 |       545 | 96.88 |
|     RAMB36E1 only |  528 |       |           |       |
|   RAMB18          |    0 |     0 |      1090 |  0.00 |
+-------------------+------+-------+-----------+-------+
* Note: Each Block RAM Tile only has one FIFO logic available and therefore can accommodate only one FIFO36E1 or one FIFO18E1. However, if a FIFO18E1 occupies a Block RAM Tile, that tile can still accommodate a RAMB18E1


3. DSP
------

+----------------+------+-------+-----------+-------+
|    Site Type   | Used | Fixed | Available | Util% |
+----------------+------+-------+-----------+-------+
| DSPs           |  864 |     0 |       900 | 96.00 |
|   DSP48E1 only |  864 |       |           |       |
+----------------+------+-------+-----------+-------+


4. IO and GT Specific
---------------------

+-----------------------------+------+-------+-----------+--------+
|          Site Type          | Used | Fixed | Available |  Util% |
+-----------------------------+------+-------+-----------+--------+
| Bonded IOB                  |    1 |     0 |       362 |   0.28 |
| Bonded IPADs                |    0 |     0 |        50 |   0.00 |
| Bonded OPADs                |    0 |     0 |        32 |   0.00 |
| Bonded IOPADs               |  130 |     0 |       130 | 100.00 |
| PHY_CONTROL                 |    0 |     0 |         8 |   0.00 |
| PHASER_REF                  |    0 |     0 |         8 |   0.00 |
| OUT_FIFO                    |    0 |     0 |        32 |   0.00 |
| IN_FIFO                     |    0 |     0 |        32 |   0.00 |
| IDELAYCTRL                  |    0 |     0 |         8 |   0.00 |
| IBUFDS                      |    0 |     0 |       348 |   0.00 |
| GTXE2_COMMON                |    0 |     0 |         4 |   0.00 |
| GTXE2_CHANNEL               |    0 |     0 |        16 |   0.00 |
| PHASER_OUT/PHASER_OUT_PHY   |    0 |     0 |        32 |   0.00 |
| PHASER_IN/PHASER_IN_PHY     |    0 |     0 |        32 |   0.00 |
| IDELAYE2/IDELAYE2_FINEDELAY |    0 |     0 |       400 |   0.00 |
| ODELAYE2/ODELAYE2_FINEDELAY |    0 |     0 |       150 |   0.00 |
| IBUFDS_GTE2                 |    0 |     0 |         8 |   0.00 |
| ILOGIC                      |    0 |     0 |       362 |   0.00 |
| OLOGIC                      |    0 |     0 |       362 |   0.00 |
+-----------------------------+------+-------+-----------+--------+


5. Clocking
-----------

+------------+------+-------+-----------+-------+
|  Site Type | Used | Fixed | Available | Util% |
+------------+------+-------+-----------+-------+
| BUFGCTRL   |   11 |     0 |        32 | 34.38 |
| BUFIO      |    0 |     0 |        32 |  0.00 |
| MMCME2_ADV |    1 |     0 |         8 | 12.50 |
| PLLE2_ADV  |    0 |     0 |         8 |  0.00 |
| BUFMRCE    |    0 |     0 |        16 |  0.00 |
| BUFHCE     |    0 |     0 |       168 |  0.00 |
| BUFR       |    0 |     0 |        32 |  0.00 |
+------------+------+-------+-----------+-------+


6. Specific Feature
-------------------

+-------------+------+-------+-----------+-------+
|  Site Type  | Used | Fixed | Available | Util% |
+-------------+------+-------+-----------+-------+
| BSCANE2     |    0 |     0 |         4 |  0.00 |
| CAPTUREE2   |    0 |     0 |         1 |  0.00 |
| DNA_PORT    |    0 |     0 |         1 |  0.00 |
| EFUSE_USR   |    0 |     0 |         1 |  0.00 |
| FRAME_ECCE2 |    0 |     0 |         1 |  0.00 |
| ICAPE2      |    0 |     0 |         2 |  0.00 |
| PCIE_2_1    |    0 |     0 |         1 |  0.00 |
| STARTUPE2   |    0 |     0 |         1 |  0.00 |
| XADC        |    0 |     0 |         1 |  0.00 |
+-------------+------+-------+-----------+-------+


7. Primitives
-------------

+------------+-------+----------------------+
|  Ref Name  |  Used |  Functional Category |
+------------+-------+----------------------+
| FDCE       | 47660 |         Flop & Latch |
| LUT6       | 40025 |                  LUT |
| LUT3       | 37577 |                  LUT |
| FDRE       | 29661 |         Flop & Latch |
| LUT5       | 21636 |                  LUT |
| LUT4       | 16658 |                  LUT |
| LUT2       | 13994 |                  LUT |
| LUT1       | 13447 |                  LUT |
| CARRY4     |  9356 |           CarryLogic |
| SRLC32E    |  8403 |   Distributed Memory |
| MUXF7      |  6834 |                MuxFx |
| SRL16E     |  2565 |   Distributed Memory |
| MUXF8      |  2360 |                MuxFx |
| FDPE       |   870 |         Flop & Latch |
| DSP48E1    |   864 |     Block Arithmetic |
| RAMB36E1   |   528 |         Block Memory |
| RAMD32     |   436 |   Distributed Memory |
| RAMS32     |   140 |   Distributed Memory |
| BIBUF      |   130 |                   IO |
| FDSE       |    64 |         Flop & Latch |
| BUFG       |    11 |                Clock |
| PS7        |     1 | Specialized Resource |
| OBUF       |     1 |                   IO |
| MMCME2_ADV |     1 |                Clock |
+------------+-------+----------------------+


8. Black Boxes
--------------

+----------+------+
| Ref Name | Used |
+----------+------+


9. Instantiated Netlists
------------------------

+----------+------+
| Ref Name | Used |
+----------+------+
| ulpsoc   |    2 |
+----------+------+


